[2024-03-17T16:13:19.668+0000][0.025s] Using G1
[2024-03-17T16:13:19.755+0000][0.112s] Version: 17.0.10+7 (release)
[2024-03-17T16:13:19.755+0000][0.113s] CPUs: 12 total, 12 available
[2024-03-17T16:13:19.756+0000][0.113s] Memory: 7873M
[2024-03-17T16:13:19.756+0000][0.113s] Large Page Support: Disabled
[2024-03-17T16:13:19.756+0000][0.114s] NUMA Support: Disabled
[2024-03-17T16:13:19.757+0000][0.114s] Compressed Oops: Enabled (32-bit)
[2024-03-17T16:13:19.757+0000][0.114s] Heap Region Size: 1M
[2024-03-17T16:13:19.757+0000][0.114s] Heap Min Capacity: 512M
[2024-03-17T16:13:19.757+0000][0.115s] Heap Initial Capacity: 512M
[2024-03-17T16:13:19.758+0000][0.115s] Heap Max Capacity: 512M
[2024-03-17T16:13:19.758+0000][0.116s] Pre-touch: Enabled
[2024-03-17T16:13:19.759+0000][0.116s] Parallel Workers: 10
[2024-03-17T16:13:19.759+0000][0.116s] Concurrent Workers: 3
[2024-03-17T16:13:19.759+0000][0.116s] Concurrent Refinement Workers: 10
[2024-03-17T16:13:19.759+0000][0.116s] Periodic GC: Disabled
[2024-03-17T16:13:19.766+0000][0.124s] CDS archive(s) mapped at: [0x00007efdcf000000-0x00007efdcfa5f000-0x00007efdcfa5f000), size 10874880, SharedBaseAddress: 0x00007efdcf000000, ArchiveRelocationMode: 1.
[2024-03-17T16:13:19.767+0000][0.124s] Compressed class space mapped at: 0x00007efdd0000000-0x00007efe10000000, reserved size: 1073741824
[2024-03-17T16:13:19.767+0000][0.124s] Narrow klass base: 0x00007efdcf000000, Narrow klass shift: 0, Narrow klass range: 0x100000000
[2024-03-17T16:13:20.905+0000][1.262s] GC(0) Pause Young (Normal) (G1 Evacuation Pause)
[2024-03-17T16:13:20.905+0000][1.262s] GC(0) Using 10 workers of 10 for evacuation
[2024-03-17T16:13:20.908+0000][1.266s] GC(0)   Pre Evacuate Collection Set: 0.2ms
[2024-03-17T16:13:20.908+0000][1.266s] GC(0)   Merge Heap Roots: 0.2ms
[2024-03-17T16:13:20.909+0000][1.266s] GC(0)   Evacuate Collection Set: 2.0ms
[2024-03-17T16:13:20.909+0000][1.266s] GC(0)   Post Evacuate Collection Set: 0.7ms
[2024-03-17T16:13:20.909+0000][1.266s] GC(0)   Other: 0.5ms
[2024-03-17T16:13:20.909+0000][1.266s] GC(0) Eden regions: 29->0(58)
[2024-03-17T16:13:20.909+0000][1.267s] GC(0) Survivor regions: 0->4(4)
[2024-03-17T16:13:20.909+0000][1.267s] GC(0) Old regions: 0->1
[2024-03-17T16:13:20.909+0000][1.267s] GC(0) Archive regions: 2->2
[2024-03-17T16:13:20.910+0000][1.267s] GC(0) Humongous regions: 0->0
[2024-03-17T16:13:20.910+0000][1.267s] GC(0) Metaspace: 9958K(10240K)->9958K(10240K) NonClass: 8718K(8832K)->8718K(8832K) Class: 1240K(1408K)->1240K(1408K)
[2024-03-17T16:13:20.910+0000][1.267s] GC(0) Pause Young (Normal) (G1 Evacuation Pause) 29M->5M(512M) 5.015ms
[2024-03-17T16:13:20.910+0000][1.267s] GC(0) User=0.01s Sys=0.01s Real=0.01s
[2024-03-17T16:13:21.683+0000][2.040s] GC(1) Pause Young (Normal) (G1 Evacuation Pause)
[2024-03-17T16:13:21.684+0000][2.041s] GC(1) Using 10 workers of 10 for evacuation
[2024-03-17T16:13:21.691+0000][2.048s] GC(1)   Pre Evacuate Collection Set: 0.6ms
[2024-03-17T16:13:21.691+0000][2.048s] GC(1)   Merge Heap Roots: 0.2ms
[2024-03-17T16:13:21.691+0000][2.049s] GC(1)   Evacuate Collection Set: 4.9ms
[2024-03-17T16:13:21.692+0000][2.049s] GC(1)   Post Evacuate Collection Set: 0.8ms
[2024-03-17T16:13:21.692+0000][2.049s] GC(1)   Other: 1.4ms
[2024-03-17T16:13:21.692+0000][2.050s] GC(1) Eden regions: 56->0(217)
[2024-03-17T16:13:21.693+0000][2.050s] GC(1) Survivor regions: 4->8(8)
[2024-03-17T16:13:21.693+0000][2.050s] GC(1) Old regions: 1->10
[2024-03-17T16:13:21.693+0000][2.050s] GC(1) Archive regions: 2->2
[2024-03-17T16:13:21.693+0000][2.051s] GC(1) Humongous regions: 4->4
[2024-03-17T16:13:21.694+0000][2.051s] GC(1) Metaspace: 17934K(18240K)->17934K(18240K) NonClass: 15718K(15936K)->15718K(15936K) Class: 2215K(2304K)->2215K(2304K)
[2024-03-17T16:13:21.694+0000][2.051s] GC(1) Pause Young (Normal) (G1 Evacuation Pause) 65M->22M(512M) 11.042ms
[2024-03-17T16:13:21.694+0000][2.051s] GC(1) User=0.05s Sys=0.03s Real=0.01s
[2024-03-17T16:13:22.021+0000][2.378s] GC(2) Pause Young (Concurrent Start) (Metadata GC Threshold)
[2024-03-17T16:13:22.021+0000][2.378s] GC(2) Using 10 workers of 10 for evacuation
[2024-03-17T16:13:22.026+0000][2.383s] GC(2)   Pre Evacuate Collection Set: 0.3ms
[2024-03-17T16:13:22.026+0000][2.383s] GC(2)   Merge Heap Roots: 0.2ms
[2024-03-17T16:13:22.026+0000][2.384s] GC(2)   Evacuate Collection Set: 2.9ms
[2024-03-17T16:13:22.027+0000][2.384s] GC(2)   Post Evacuate Collection Set: 0.8ms
[2024-03-17T16:13:22.027+0000][2.384s] GC(2)   Other: 0.9ms
[2024-03-17T16:13:22.027+0000][2.385s] GC(2) Eden regions: 31->0(156)
[2024-03-17T16:13:22.028+0000][2.385s] GC(2) Survivor regions: 8->10(21)
[2024-03-17T16:13:22.028+0000][2.385s] GC(2) Old regions: 10->10
[2024-03-17T16:13:22.028+0000][2.385s] GC(2) Archive regions: 2->2
[2024-03-17T16:13:22.028+0000][2.386s] GC(2) Humongous regions: 4->4
[2024-03-17T16:13:22.029+0000][2.386s] GC(2) Metaspace: 21172K(21504K)->21172K(21504K) NonClass: 18555K(18688K)->18555K(18688K) Class: 2617K(2816K)->2617K(2816K)
[2024-03-17T16:13:22.029+0000][2.386s] GC(2) Pause Young (Concurrent Start) (Metadata GC Threshold) 52M->23M(512M) 8.018ms
[2024-03-17T16:13:22.029+0000][2.386s] GC(2) User=0.04s Sys=0.01s Real=0.01s
[2024-03-17T16:13:22.029+0000][2.387s] GC(3) Concurrent Mark Cycle
[2024-03-17T16:13:22.029+0000][2.387s] GC(3) Concurrent Clear Claimed Marks
[2024-03-17T16:13:22.030+0000][2.387s] GC(3) Concurrent Clear Claimed Marks 0.160ms
[2024-03-17T16:13:22.030+0000][2.387s] GC(3) Concurrent Scan Root Regions
[2024-03-17T16:13:22.032+0000][2.389s] GC(3) Concurrent Scan Root Regions 1.731ms
[2024-03-17T16:13:22.032+0000][2.389s] GC(3) Concurrent Mark
[2024-03-17T16:13:22.032+0000][2.389s] GC(3) Concurrent Mark From Roots
[2024-03-17T16:13:22.032+0000][2.390s] GC(3) Using 3 workers of 3 for marking
[2024-03-17T16:13:22.039+0000][2.397s] GC(3) Concurrent Mark From Roots 7.192ms
[2024-03-17T16:13:22.040+0000][2.397s] GC(3) Concurrent Preclean
[2024-03-17T16:13:22.040+0000][2.397s] GC(3) Concurrent Preclean 0.406ms
[2024-03-17T16:13:22.040+0000][2.398s] GC(3) Pause Remark
[2024-03-17T16:13:22.043+0000][2.400s] GC(3) Pause Remark 25M->25M(512M) 2.210ms
[2024-03-17T16:13:22.043+0000][2.400s] GC(3) User=0.01s Sys=0.00s Real=0.00s
[2024-03-17T16:13:22.043+0000][2.401s] GC(3) Concurrent Mark 11.451ms
[2024-03-17T16:13:22.044+0000][2.401s] GC(3) Concurrent Rebuild Remembered Sets
[2024-03-17T16:13:22.046+0000][2.404s] GC(3) Concurrent Rebuild Remembered Sets 2.739ms
[2024-03-17T16:13:22.047+0000][2.404s] GC(3) Pause Cleanup
[2024-03-17T16:13:22.047+0000][2.405s] GC(3) Pause Cleanup 25M->25M(512M) 0.492ms
[2024-03-17T16:13:22.048+0000][2.405s] GC(3) User=0.00s Sys=0.00s Real=0.00s
[2024-03-17T16:13:22.048+0000][2.405s] GC(3) Concurrent Cleanup for Next Mark
[2024-03-17T16:13:22.049+0000][2.406s] GC(3) Concurrent Cleanup for Next Mark 0.623ms
[2024-03-17T16:13:22.049+0000][2.406s] GC(3) Concurrent Mark Cycle 19.741ms
[2024-03-17T16:13:23.556+0000][3.913s] GC(4) Pause Young (Prepare Mixed) (Metadata GC Threshold)
[2024-03-17T16:13:23.556+0000][3.913s] GC(4) Using 10 workers of 10 for evacuation
[2024-03-17T16:13:23.563+0000][3.920s] GC(4)   Pre Evacuate Collection Set: 0.2ms
[2024-03-17T16:13:23.563+0000][3.921s] GC(4)   Merge Heap Roots: 0.2ms
[2024-03-17T16:13:23.564+0000][3.921s] GC(4)   Evacuate Collection Set: 5.2ms
[2024-03-17T16:13:23.564+0000][3.921s] GC(4)   Post Evacuate Collection Set: 1.6ms
[2024-03-17T16:13:23.564+0000][3.921s] GC(4)   Other: 0.5ms
[2024-03-17T16:13:23.564+0000][3.921s] GC(4) Eden regions: 99->0(9)
[2024-03-17T16:13:23.564+0000][3.921s] GC(4) Survivor regions: 10->16(21)
[2024-03-17T16:13:23.564+0000][3.922s] GC(4) Old regions: 10->10
[2024-03-17T16:13:23.564+0000][3.922s] GC(4) Archive regions: 2->2
[2024-03-17T16:13:23.564+0000][3.922s] GC(4) Humongous regions: 4->4
[2024-03-17T16:13:23.565+0000][3.922s] GC(4) Metaspace: 35735K(36160K)->35735K(36160K) NonClass: 31242K(31424K)->31242K(31424K) Class: 4492K(4736K)->4492K(4736K)
[2024-03-17T16:13:23.565+0000][3.922s] GC(4) Pause Young (Prepare Mixed) (Metadata GC Threshold) 122M->29M(512M) 9.206ms
[2024-03-17T16:13:23.565+0000][3.922s] GC(4) User=0.04s Sys=0.00s Real=0.00s
[2024-03-17T16:13:23.579+0000][3.937s] GC(5) Pause Young (Mixed) (Metadata GC Threshold)
[2024-03-17T16:13:23.580+0000][3.937s] GC(5) Using 10 workers of 10 for evacuation
[2024-03-17T16:13:23.585+0000][3.943s] GC(5)   Pre Evacuate Collection Set: 0.2ms
[2024-03-17T16:13:23.586+0000][3.943s] GC(5)   Merge Heap Roots: 0.2ms
[2024-03-17T16:13:23.586+0000][3.943s] GC(5)   Evacuate Collection Set: 4.4ms
[2024-03-17T16:13:23.586+0000][3.943s] GC(5)   Post Evacuate Collection Set: 0.7ms
[2024-03-17T16:13:23.586+0000][3.943s] GC(5)   Other: 0.5ms
[2024-03-17T16:13:23.586+0000][3.943s] GC(5) Eden regions: 2->0(305)
[2024-03-17T16:13:23.586+0000][3.944s] GC(5) Survivor regions: 16->2(4)
[2024-03-17T16:13:23.586+0000][3.944s] GC(5) Old regions: 10->24
[2024-03-17T16:13:23.587+0000][3.944s] GC(5) Archive regions: 2->2
[2024-03-17T16:13:23.587+0000][3.944s] GC(5) Humongous regions: 4->4
[2024-03-17T16:13:23.587+0000][3.944s] GC(5) Metaspace: 36108K(36480K)->36108K(36480K) NonClass: 31569K(31744K)->31569K(31744K) Class: 4538K(4736K)->4538K(4736K)
[2024-03-17T16:13:23.587+0000][3.944s] GC(5) Pause Young (Mixed) (Metadata GC Threshold) 31M->30M(512M) 7.482ms
[2024-03-17T16:13:23.587+0000][3.944s] GC(5) User=0.05s Sys=0.01s Real=0.01s
[2024-03-17T16:13:23.600+0000][3.957s] GC(6) Pause Young (Concurrent Start) (Metadata GC Threshold)
[2024-03-17T16:13:23.600+0000][3.958s] GC(6) Using 10 workers of 10 for evacuation
[2024-03-17T16:13:23.602+0000][3.959s] GC(6)   Pre Evacuate Collection Set: 0.2ms
[2024-03-17T16:13:23.602+0000][3.960s] GC(6)   Merge Heap Roots: 0.2ms
[2024-03-17T16:13:23.603+0000][3.960s] GC(6)   Evacuate Collection Set: 0.8ms
[2024-03-17T16:13:23.603+0000][3.960s] GC(6)   Post Evacuate Collection Set: 0.6ms
[2024-03-17T16:13:23.603+0000][3.960s] GC(6)   Other: 0.6ms
[2024-03-17T16:13:23.603+0000][3.961s] GC(6) Eden regions: 2->0(306)
[2024-03-17T16:13:23.603+0000][3.961s] GC(6) Survivor regions: 2->1(39)
[2024-03-17T16:13:23.604+0000][3.961s] GC(6) Old regions: 24->24
[2024-03-17T16:13:23.604+0000][3.961s] GC(6) Archive regions: 2->2
[2024-03-17T16:13:23.604+0000][3.961s] GC(6) Humongous regions: 4->4
[2024-03-17T16:13:23.604+0000][3.961s] GC(6) Metaspace: 36422K(36800K)->36422K(36800K) NonClass: 31833K(32000K)->31833K(32000K) Class: 4588K(4800K)->4588K(4800K)
[2024-03-17T16:13:23.604+0000][3.961s] GC(6) Pause Young (Concurrent Start) (Metadata GC Threshold) 32M->29M(512M) 4.247ms
[2024-03-17T16:13:23.604+0000][3.962s] GC(6) User=0.01s Sys=0.00s Real=0.00s
[2024-03-17T16:13:23.604+0000][3.962s] GC(7) Concurrent Mark Cycle
[2024-03-17T16:13:23.605+0000][3.962s] GC(7) Concurrent Clear Claimed Marks
[2024-03-17T16:13:23.605+0000][3.962s] GC(7) Concurrent Clear Claimed Marks 0.153ms
[2024-03-17T16:13:23.605+0000][3.962s] GC(7) Concurrent Scan Root Regions
[2024-03-17T16:13:23.606+0000][3.963s] GC(7) Concurrent Scan Root Regions 0.877ms
[2024-03-17T16:13:23.606+0000][3.963s] GC(7) Concurrent Mark
[2024-03-17T16:13:23.606+0000][3.963s] GC(7) Concurrent Mark From Roots
[2024-03-17T16:13:23.606+0000][3.963s] GC(7) Using 3 workers of 3 for marking
[2024-03-17T16:13:23.621+0000][3.978s] GC(7) Concurrent Mark From Roots 15.096ms
[2024-03-17T16:13:23.621+0000][3.979s] GC(7) Concurrent Preclean
[2024-03-17T16:13:23.622+0000][3.979s] GC(7) Concurrent Preclean 0.413ms
[2024-03-17T16:13:23.622+0000][3.979s] GC(7) Pause Remark
[2024-03-17T16:13:23.624+0000][3.982s] GC(7) Pause Remark 31M->31M(512M) 2.290ms
[2024-03-17T16:13:23.624+0000][3.982s] GC(7) User=0.01s Sys=0.00s Real=0.00s
[2024-03-17T16:13:23.625+0000][3.982s] GC(7) Concurrent Mark 18.897ms
[2024-03-17T16:13:23.625+0000][3.982s] GC(7) Concurrent Rebuild Remembered Sets
[2024-03-17T16:13:23.631+0000][3.989s] GC(7) Concurrent Rebuild Remembered Sets 6.253ms
[2024-03-17T16:13:23.632+0000][3.989s] GC(7) Pause Cleanup
[2024-03-17T16:13:23.632+0000][3.989s] GC(7) Pause Cleanup 32M->32M(512M) 0.350ms
[2024-03-17T16:13:23.632+0000][3.989s] GC(7) User=0.00s Sys=0.00s Real=0.00s
[2024-03-17T16:13:23.632+0000][3.990s] GC(7) Concurrent Cleanup for Next Mark
[2024-03-17T16:13:23.633+0000][3.990s] GC(7) Concurrent Cleanup for Next Mark 0.506ms
[2024-03-17T16:13:23.633+0000][3.990s] GC(7) Concurrent Mark Cycle 28.607ms
[2024-03-17T18:28:14.979+0000][8095.369s] Heap
[2024-03-17T18:28:14.982+0000][8095.372s]  garbage-first heap   total 524288K, used 267515K [0x00000000e0000000, 0x0000000100000000)
[2024-03-17T18:28:14.982+0000][8095.372s]   region size 1024K, 233 young (238592K), 1 survivors (1024K)
[2024-03-17T18:28:14.982+0000][8095.373s]  Metaspace       used 55871K, committed 56512K, reserved 1114112K
[2024-03-17T18:28:14.983+0000][8095.373s]   class space    used 7244K, committed 7552K, reserved 1048576K
