[2024-03-16T11:58:05.510+0000][0.025s] Using G1
[2024-03-16T11:58:05.595+0000][0.110s] Version: 17.0.10+7 (release)
[2024-03-16T11:58:05.595+0000][0.110s] CPUs: 12 total, 12 available
[2024-03-16T11:58:05.596+0000][0.111s] Memory: 7873M
[2024-03-16T11:58:05.596+0000][0.111s] Large Page Support: Disabled
[2024-03-16T11:58:05.596+0000][0.111s] NUMA Support: Disabled
[2024-03-16T11:58:05.597+0000][0.112s] Compressed Oops: Enabled (32-bit)
[2024-03-16T11:58:05.597+0000][0.112s] Heap Region Size: 1M
[2024-03-16T11:58:05.597+0000][0.112s] Heap Min Capacity: 512M
[2024-03-16T11:58:05.597+0000][0.113s] Heap Initial Capacity: 512M
[2024-03-16T11:58:05.598+0000][0.113s] Heap Max Capacity: 512M
[2024-03-16T11:58:05.598+0000][0.113s] Pre-touch: Enabled
[2024-03-16T11:58:05.598+0000][0.113s] Parallel Workers: 10
[2024-03-16T11:58:05.598+0000][0.113s] Concurrent Workers: 3
[2024-03-16T11:58:05.598+0000][0.113s] Concurrent Refinement Workers: 10
[2024-03-16T11:58:05.598+0000][0.114s] Periodic GC: Disabled
[2024-03-16T11:58:05.605+0000][0.120s] CDS archive(s) mapped at: [0x00007fcad7000000-0x00007fcad7a5f000-0x00007fcad7a5f000), size 10874880, SharedBaseAddress: 0x00007fcad7000000, ArchiveRelocationMode: 1.
[2024-03-16T11:58:05.605+0000][0.120s] Compressed class space mapped at: 0x00007fcad8000000-0x00007fcb18000000, reserved size: 1073741824
[2024-03-16T11:58:05.605+0000][0.120s] Narrow klass base: 0x00007fcad7000000, Narrow klass shift: 0, Narrow klass range: 0x100000000
[2024-03-16T11:58:06.544+0000][1.059s] GC(0) Pause Young (Normal) (G1 Evacuation Pause)
[2024-03-16T11:58:06.545+0000][1.060s] GC(0) Using 10 workers of 10 for evacuation
[2024-03-16T11:58:06.548+0000][1.063s] GC(0)   Pre Evacuate Collection Set: 0.2ms
[2024-03-16T11:58:06.548+0000][1.064s] GC(0)   Merge Heap Roots: 0.2ms
[2024-03-16T11:58:06.549+0000][1.064s] GC(0)   Evacuate Collection Set: 1.9ms
[2024-03-16T11:58:06.549+0000][1.064s] GC(0)   Post Evacuate Collection Set: 0.8ms
[2024-03-16T11:58:06.549+0000][1.064s] GC(0)   Other: 0.6ms
[2024-03-16T11:58:06.549+0000][1.064s] GC(0) Eden regions: 29->0(58)
[2024-03-16T11:58:06.549+0000][1.064s] GC(0) Survivor regions: 0->4(4)
[2024-03-16T11:58:06.549+0000][1.065s] GC(0) Old regions: 0->1
[2024-03-16T11:58:06.550+0000][1.065s] GC(0) Archive regions: 2->2
[2024-03-16T11:58:06.550+0000][1.065s] GC(0) Humongous regions: 0->0
[2024-03-16T11:58:06.550+0000][1.065s] GC(0) Metaspace: 9969K(10240K)->9969K(10240K) NonClass: 8727K(8832K)->8727K(8832K) Class: 1241K(1408K)->1241K(1408K)
[2024-03-16T11:58:06.550+0000][1.065s] GC(0) Pause Young (Normal) (G1 Evacuation Pause) 29M->5M(512M) 5.738ms
[2024-03-16T11:58:06.550+0000][1.065s] GC(0) User=0.01s Sys=0.01s Real=0.00s
[2024-03-16T11:58:07.440+0000][1.955s] GC(1) Pause Young (Normal) (G1 Evacuation Pause)
[2024-03-16T11:58:07.440+0000][1.955s] GC(1) Using 10 workers of 10 for evacuation
[2024-03-16T11:58:07.447+0000][1.962s] GC(1)   Pre Evacuate Collection Set: 0.2ms
[2024-03-16T11:58:07.447+0000][1.962s] GC(1)   Merge Heap Roots: 0.2ms
[2024-03-16T11:58:07.447+0000][1.962s] GC(1)   Evacuate Collection Set: 5.1ms
[2024-03-16T11:58:07.447+0000][1.963s] GC(1)   Post Evacuate Collection Set: 1.0ms
[2024-03-16T11:58:07.448+0000][1.963s] GC(1)   Other: 0.6ms
[2024-03-16T11:58:07.448+0000][1.963s] GC(1) Eden regions: 56->0(171)
[2024-03-16T11:58:07.448+0000][1.963s] GC(1) Survivor regions: 4->8(8)
[2024-03-16T11:58:07.448+0000][1.964s] GC(1) Old regions: 1->10
[2024-03-16T11:58:07.449+0000][1.964s] GC(1) Archive regions: 2->2
[2024-03-16T11:58:07.449+0000][1.964s] GC(1) Humongous regions: 4->4
[2024-03-16T11:58:07.449+0000][1.964s] GC(1) Metaspace: 17936K(18240K)->17936K(18240K) NonClass: 15720K(15936K)->15720K(15936K) Class: 2215K(2304K)->2215K(2304K)
[2024-03-16T11:58:07.450+0000][1.965s] GC(1) Pause Young (Normal) (G1 Evacuation Pause) 65M->22M(512M) 9.841ms
[2024-03-16T11:58:07.450+0000][1.965s] GC(1) User=0.06s Sys=0.00s Real=0.01s
[2024-03-16T11:58:07.761+0000][2.276s] GC(2) Pause Young (Concurrent Start) (Metadata GC Threshold)
[2024-03-16T11:58:07.761+0000][2.277s] GC(2) Using 10 workers of 10 for evacuation
[2024-03-16T11:58:07.766+0000][2.281s] GC(2)   Pre Evacuate Collection Set: 0.2ms
[2024-03-16T11:58:07.766+0000][2.282s] GC(2)   Merge Heap Roots: 0.3ms
[2024-03-16T11:58:07.767+0000][2.282s] GC(2)   Evacuate Collection Set: 2.7ms
[2024-03-16T11:58:07.767+0000][2.282s] GC(2)   Post Evacuate Collection Set: 0.9ms
[2024-03-16T11:58:07.767+0000][2.283s] GC(2)   Other: 0.9ms
[2024-03-16T11:58:07.768+0000][2.283s] GC(2) Eden regions: 31->0(143)
[2024-03-16T11:58:07.768+0000][2.283s] GC(2) Survivor regions: 8->10(17)
[2024-03-16T11:58:07.768+0000][2.283s] GC(2) Old regions: 10->10
[2024-03-16T11:58:07.768+0000][2.283s] GC(2) Archive regions: 2->2
[2024-03-16T11:58:07.768+0000][2.283s] GC(2) Humongous regions: 4->4
[2024-03-16T11:58:07.768+0000][2.284s] GC(2) Metaspace: 21179K(21504K)->21179K(21504K) NonClass: 18561K(18688K)->18561K(18688K) Class: 2618K(2816K)->2618K(2816K)
[2024-03-16T11:58:07.769+0000][2.284s] GC(2) Pause Young (Concurrent Start) (Metadata GC Threshold) 52M->24M(512M) 7.387ms
[2024-03-16T11:58:07.769+0000][2.284s] GC(2) User=0.03s Sys=0.00s Real=0.01s
[2024-03-16T11:58:07.769+0000][2.284s] GC(3) Concurrent Mark Cycle
[2024-03-16T11:58:07.769+0000][2.284s] GC(3) Concurrent Clear Claimed Marks
[2024-03-16T11:58:07.769+0000][2.284s] GC(3) Concurrent Clear Claimed Marks 0.183ms
[2024-03-16T11:58:07.769+0000][2.285s] GC(3) Concurrent Scan Root Regions
[2024-03-16T11:58:07.771+0000][2.286s] GC(3) Concurrent Scan Root Regions 1.833ms
[2024-03-16T11:58:07.772+0000][2.287s] GC(3) Concurrent Mark
[2024-03-16T11:58:07.772+0000][2.287s] GC(3) Concurrent Mark From Roots
[2024-03-16T11:58:07.772+0000][2.287s] GC(3) Using 3 workers of 3 for marking
[2024-03-16T11:58:07.779+0000][2.294s] GC(3) Concurrent Mark From Roots 7.175ms
[2024-03-16T11:58:07.779+0000][2.294s] GC(3) Concurrent Preclean
[2024-03-16T11:58:07.780+0000][2.295s] GC(3) Concurrent Preclean 0.442ms
[2024-03-16T11:58:07.780+0000][2.295s] GC(3) Pause Remark
[2024-03-16T11:58:07.783+0000][2.298s] GC(3) Pause Remark 25M->25M(512M) 2.575ms
[2024-03-16T11:58:07.783+0000][2.298s] GC(3) User=0.02s Sys=0.00s Real=0.01s
[2024-03-16T11:58:07.784+0000][2.299s] GC(3) Concurrent Mark 12.098ms
[2024-03-16T11:58:07.784+0000][2.299s] GC(3) Concurrent Rebuild Remembered Sets
[2024-03-16T11:58:07.787+0000][2.302s] GC(3) Concurrent Rebuild Remembered Sets 2.943ms
[2024-03-16T11:58:07.787+0000][2.303s] GC(3) Pause Cleanup
[2024-03-16T11:58:07.788+0000][2.303s] GC(3) Pause Cleanup 25M->25M(512M) 0.581ms
[2024-03-16T11:58:07.788+0000][2.303s] GC(3) User=0.01s Sys=0.00s Real=0.00s
[2024-03-16T11:58:07.789+0000][2.304s] GC(3) Concurrent Cleanup for Next Mark
[2024-03-16T11:58:07.789+0000][2.304s] GC(3) Concurrent Cleanup for Next Mark 0.583ms
[2024-03-16T11:58:07.789+0000][2.305s] GC(3) Concurrent Mark Cycle 20.647ms
[2024-03-16T11:58:09.134+0000][3.649s] GC(4) Pause Young (Prepare Mixed) (Metadata GC Threshold)
[2024-03-16T11:58:09.134+0000][3.650s] GC(4) Using 10 workers of 10 for evacuation
[2024-03-16T11:58:09.141+0000][3.656s] GC(4)   Pre Evacuate Collection Set: 0.3ms
[2024-03-16T11:58:09.141+0000][3.657s] GC(4)   Merge Heap Roots: 0.2ms
[2024-03-16T11:58:09.142+0000][3.657s] GC(4)   Evacuate Collection Set: 4.4ms
[2024-03-16T11:58:09.142+0000][3.657s] GC(4)   Post Evacuate Collection Set: 1.4ms
[2024-03-16T11:58:09.142+0000][3.658s] GC(4)   Other: 0.8ms
[2024-03-16T11:58:09.143+0000][3.658s] GC(4) Eden regions: 100->0(9)
[2024-03-16T11:58:09.143+0000][3.658s] GC(4) Survivor regions: 10->16(19)
[2024-03-16T11:58:09.143+0000][3.658s] GC(4) Old regions: 10->10
[2024-03-16T11:58:09.144+0000][3.659s] GC(4) Archive regions: 2->2
[2024-03-16T11:58:09.144+0000][3.659s] GC(4) Humongous regions: 4->4
[2024-03-16T11:58:09.144+0000][3.659s] GC(4) Metaspace: 35733K(36160K)->35733K(36160K) NonClass: 31243K(31424K)->31243K(31424K) Class: 4490K(4736K)->4490K(4736K)
[2024-03-16T11:58:09.144+0000][3.659s] GC(4) Pause Young (Prepare Mixed) (Metadata GC Threshold) 124M->29M(512M) 10.077ms
[2024-03-16T11:58:09.144+0000][3.659s] GC(4) User=0.06s Sys=0.01s Real=0.01s
[2024-03-16T11:58:09.158+0000][3.673s] GC(5) Pause Young (Mixed) (Metadata GC Threshold)
[2024-03-16T11:58:09.158+0000][3.673s] GC(5) Using 10 workers of 10 for evacuation
[2024-03-16T11:58:09.164+0000][3.679s] GC(5)   Pre Evacuate Collection Set: 0.2ms
[2024-03-16T11:58:09.164+0000][3.679s] GC(5)   Merge Heap Roots: 0.2ms
[2024-03-16T11:58:09.165+0000][3.680s] GC(5)   Evacuate Collection Set: 4.4ms
[2024-03-16T11:58:09.165+0000][3.680s] GC(5)   Post Evacuate Collection Set: 0.6ms
[2024-03-16T11:58:09.165+0000][3.680s] GC(5)   Other: 0.7ms
[2024-03-16T11:58:09.165+0000][3.680s] GC(5) Eden regions: 2->0(305)
[2024-03-16T11:58:09.165+0000][3.681s] GC(5) Survivor regions: 16->2(4)
[2024-03-16T11:58:09.166+0000][3.681s] GC(5) Old regions: 10->24
[2024-03-16T11:58:09.166+0000][3.681s] GC(5) Archive regions: 2->2
[2024-03-16T11:58:09.166+0000][3.681s] GC(5) Humongous regions: 4->4
[2024-03-16T11:58:09.166+0000][3.681s] GC(5) Metaspace: 36101K(36480K)->36101K(36480K) NonClass: 31565K(31744K)->31565K(31744K) Class: 4535K(4736K)->4535K(4736K)
[2024-03-16T11:58:09.166+0000][3.682s] GC(5) Pause Young (Mixed) (Metadata GC Threshold) 31M->30M(512M) 8.519ms
[2024-03-16T11:58:09.167+0000][3.682s] GC(5) User=0.05s Sys=0.00s Real=0.01s
[2024-03-16T11:58:09.179+0000][3.694s] GC(6) Pause Young (Concurrent Start) (Metadata GC Threshold)
[2024-03-16T11:58:09.179+0000][3.694s] GC(6) Using 10 workers of 10 for evacuation
[2024-03-16T11:58:09.181+0000][3.696s] GC(6)   Pre Evacuate Collection Set: 0.2ms
[2024-03-16T11:58:09.182+0000][3.697s] GC(6)   Merge Heap Roots: 0.1ms
[2024-03-16T11:58:09.182+0000][3.697s] GC(6)   Evacuate Collection Set: 0.8ms
[2024-03-16T11:58:09.182+0000][3.697s] GC(6)   Post Evacuate Collection Set: 0.5ms
[2024-03-16T11:58:09.182+0000][3.697s] GC(6)   Other: 0.7ms
[2024-03-16T11:58:09.182+0000][3.697s] GC(6) Eden regions: 2->0(306)
[2024-03-16T11:58:09.182+0000][3.698s] GC(6) Survivor regions: 2->1(39)
[2024-03-16T11:58:09.183+0000][3.698s] GC(6) Old regions: 24->24
[2024-03-16T11:58:09.183+0000][3.698s] GC(6) Archive regions: 2->2
[2024-03-16T11:58:09.183+0000][3.698s] GC(6) Humongous regions: 4->4
[2024-03-16T11:58:09.183+0000][3.698s] GC(6) Metaspace: 36416K(36800K)->36416K(36800K) NonClass: 31829K(32000K)->31829K(32000K) Class: 4587K(4800K)->4587K(4800K)
[2024-03-16T11:58:09.183+0000][3.698s] GC(6) Pause Young (Concurrent Start) (Metadata GC Threshold) 32M->29M(512M) 4.332ms
[2024-03-16T11:58:09.183+0000][3.699s] GC(6) User=0.02s Sys=0.00s Real=0.01s
[2024-03-16T11:58:09.184+0000][3.699s] GC(7) Concurrent Mark Cycle
[2024-03-16T11:58:09.184+0000][3.699s] GC(7) Concurrent Clear Claimed Marks
[2024-03-16T11:58:09.184+0000][3.699s] GC(7) Concurrent Clear Claimed Marks 0.270ms
[2024-03-16T11:58:09.184+0000][3.699s] GC(7) Concurrent Scan Root Regions
[2024-03-16T11:58:09.185+0000][3.700s] GC(7) Concurrent Scan Root Regions 0.812ms
[2024-03-16T11:58:09.185+0000][3.701s] GC(7) Concurrent Mark
[2024-03-16T11:58:09.186+0000][3.701s] GC(7) Concurrent Mark From Roots
[2024-03-16T11:58:09.186+0000][3.701s] GC(7) Using 3 workers of 3 for marking
[2024-03-16T11:58:09.199+0000][3.714s] GC(7) Concurrent Mark From Roots 13.758ms
[2024-03-16T11:58:09.200+0000][3.715s] GC(7) Concurrent Preclean
[2024-03-16T11:58:09.200+0000][3.715s] GC(7) Concurrent Preclean 0.509ms
[2024-03-16T11:58:09.201+0000][3.716s] GC(7) Pause Remark
[2024-03-16T11:58:09.203+0000][3.718s] GC(7) Pause Remark 31M->31M(512M) 2.295ms
[2024-03-16T11:58:09.203+0000][3.718s] GC(7) User=0.01s Sys=0.00s Real=0.01s
[2024-03-16T11:58:09.204+0000][3.719s] GC(7) Concurrent Mark 18.345ms
[2024-03-16T11:58:09.204+0000][3.719s] GC(7) Concurrent Rebuild Remembered Sets
[2024-03-16T11:58:09.204+0000][3.720s] GC(7) Concurrent Rebuild Remembered Sets 0.338ms
[2024-03-16T11:58:09.205+0000][3.720s] GC(7) Pause Cleanup
[2024-03-16T11:58:09.205+0000][3.720s] GC(7) Pause Cleanup 31M->31M(512M) 0.264ms
[2024-03-16T11:58:09.205+0000][3.720s] GC(7) User=0.00s Sys=0.00s Real=0.00s
[2024-03-16T11:58:09.206+0000][3.721s] GC(7) Concurrent Cleanup for Next Mark
[2024-03-16T11:58:09.206+0000][3.721s] GC(7) Concurrent Cleanup for Next Mark 0.492ms
[2024-03-16T11:58:09.206+0000][3.722s] GC(7) Concurrent Mark Cycle 22.730ms
