[2024-03-15T12:02:13.361+0000][0.017s] Using G1
[2024-03-15T12:02:13.441+0000][0.098s] Version: 17.0.10+7 (release)
[2024-03-15T12:02:13.442+0000][0.099s] CPUs: 12 total, 12 available
[2024-03-15T12:02:13.442+0000][0.099s] Memory: 7873M
[2024-03-15T12:02:13.443+0000][0.100s] Large Page Support: Disabled
[2024-03-15T12:02:13.443+0000][0.100s] NUMA Support: Disabled
[2024-03-15T12:02:13.443+0000][0.100s] Compressed Oops: Enabled (32-bit)
[2024-03-15T12:02:13.444+0000][0.101s] Heap Region Size: 1M
[2024-03-15T12:02:13.444+0000][0.101s] Heap Min Capacity: 512M
[2024-03-15T12:02:13.445+0000][0.101s] Heap Initial Capacity: 512M
[2024-03-15T12:02:13.445+0000][0.102s] Heap Max Capacity: 512M
[2024-03-15T12:02:13.445+0000][0.102s] Pre-touch: Enabled
[2024-03-15T12:02:13.446+0000][0.102s] Parallel Workers: 10
[2024-03-15T12:02:13.446+0000][0.103s] Concurrent Workers: 3
[2024-03-15T12:02:13.446+0000][0.103s] Concurrent Refinement Workers: 10
[2024-03-15T12:02:13.447+0000][0.103s] Periodic GC: Disabled
[2024-03-15T12:02:13.453+0000][0.110s] CDS archive(s) mapped at: [0x00007f558f000000-0x00007f558fa5f000-0x00007f558fa5f000), size 10874880, SharedBaseAddress: 0x00007f558f000000, ArchiveRelocationMode: 1.
[2024-03-15T12:02:13.453+0000][0.110s] Compressed class space mapped at: 0x00007f5590000000-0x00007f55d0000000, reserved size: 1073741824
[2024-03-15T12:02:13.454+0000][0.111s] Narrow klass base: 0x00007f558f000000, Narrow klass shift: 0, Narrow klass range: 0x100000000
[2024-03-15T12:02:14.445+0000][1.102s] GC(0) Pause Young (Normal) (G1 Evacuation Pause)
[2024-03-15T12:02:14.446+0000][1.102s] GC(0) Using 10 workers of 10 for evacuation
[2024-03-15T12:02:14.449+0000][1.106s] GC(0)   Pre Evacuate Collection Set: 0.2ms
[2024-03-15T12:02:14.450+0000][1.107s] GC(0)   Merge Heap Roots: 0.2ms
[2024-03-15T12:02:14.450+0000][1.107s] GC(0)   Evacuate Collection Set: 2.4ms
[2024-03-15T12:02:14.450+0000][1.107s] GC(0)   Post Evacuate Collection Set: 0.8ms
[2024-03-15T12:02:14.451+0000][1.107s] GC(0)   Other: 0.6ms
[2024-03-15T12:02:14.451+0000][1.107s] GC(0) Eden regions: 29->0(58)
[2024-03-15T12:02:14.451+0000][1.108s] GC(0) Survivor regions: 0->4(4)
[2024-03-15T12:02:14.451+0000][1.108s] GC(0) Old regions: 0->1
[2024-03-15T12:02:14.451+0000][1.108s] GC(0) Archive regions: 2->2
[2024-03-15T12:02:14.451+0000][1.108s] GC(0) Humongous regions: 0->0
[2024-03-15T12:02:14.451+0000][1.108s] GC(0) Metaspace: 9981K(10240K)->9981K(10240K) NonClass: 8740K(8832K)->8740K(8832K) Class: 1241K(1408K)->1241K(1408K)
[2024-03-15T12:02:14.452+0000][1.108s] GC(0) Pause Young (Normal) (G1 Evacuation Pause) 29M->5M(512M) 6.310ms
[2024-03-15T12:02:14.452+0000][1.108s] GC(0) User=0.02s Sys=0.01s Real=0.00s
[2024-03-15T12:02:15.137+0000][1.793s] GC(1) Pause Young (Normal) (G1 Evacuation Pause)
[2024-03-15T12:02:15.137+0000][1.794s] GC(1) Using 10 workers of 10 for evacuation
[2024-03-15T12:02:15.144+0000][1.800s] GC(1)   Pre Evacuate Collection Set: 0.2ms
[2024-03-15T12:02:15.144+0000][1.801s] GC(1)   Merge Heap Roots: 0.2ms
[2024-03-15T12:02:15.144+0000][1.801s] GC(1)   Evacuate Collection Set: 5.1ms
[2024-03-15T12:02:15.145+0000][1.801s] GC(1)   Post Evacuate Collection Set: 0.9ms
[2024-03-15T12:02:15.145+0000][1.802s] GC(1)   Other: 0.5ms
[2024-03-15T12:02:15.145+0000][1.802s] GC(1) Eden regions: 56->0(172)
[2024-03-15T12:02:15.145+0000][1.802s] GC(1) Survivor regions: 4->8(8)
[2024-03-15T12:02:15.145+0000][1.802s] GC(1) Old regions: 1->10
[2024-03-15T12:02:15.146+0000][1.802s] GC(1) Archive regions: 2->2
[2024-03-15T12:02:15.146+0000][1.803s] GC(1) Humongous regions: 4->4
[2024-03-15T12:02:15.146+0000][1.803s] GC(1) Metaspace: 17907K(18176K)->17907K(18176K) NonClass: 15691K(15872K)->15691K(15872K) Class: 2215K(2304K)->2215K(2304K)
[2024-03-15T12:02:15.146+0000][1.803s] GC(1) Pause Young (Normal) (G1 Evacuation Pause) 65M->22M(512M) 9.644ms
[2024-03-15T12:02:15.146+0000][1.803s] GC(1) User=0.04s Sys=0.01s Real=0.01s
[2024-03-15T12:02:15.455+0000][2.112s] GC(2) Pause Young (Concurrent Start) (Metadata GC Threshold)
[2024-03-15T12:02:15.456+0000][2.112s] GC(2) Using 10 workers of 10 for evacuation
[2024-03-15T12:02:15.460+0000][2.117s] GC(2)   Pre Evacuate Collection Set: 0.2ms
[2024-03-15T12:02:15.460+0000][2.117s] GC(2)   Merge Heap Roots: 0.2ms
[2024-03-15T12:02:15.461+0000][2.117s] GC(2)   Evacuate Collection Set: 2.7ms
[2024-03-15T12:02:15.461+0000][2.118s] GC(2)   Post Evacuate Collection Set: 0.8ms
[2024-03-15T12:02:15.461+0000][2.118s] GC(2)   Other: 0.9ms
[2024-03-15T12:02:15.461+0000][2.118s] GC(2) Eden regions: 31->0(148)
[2024-03-15T12:02:15.462+0000][2.118s] GC(2) Survivor regions: 8->10(18)
[2024-03-15T12:02:15.462+0000][2.119s] GC(2) Old regions: 10->10
[2024-03-15T12:02:15.462+0000][2.119s] GC(2) Archive regions: 2->2
[2024-03-15T12:02:15.462+0000][2.119s] GC(2) Humongous regions: 4->4
[2024-03-15T12:02:15.463+0000][2.119s] GC(2) Metaspace: 21151K(21504K)->21151K(21504K) NonClass: 18534K(18688K)->18534K(18688K) Class: 2617K(2816K)->2617K(2816K)
[2024-03-15T12:02:15.463+0000][2.120s] GC(2) Pause Young (Concurrent Start) (Metadata GC Threshold) 52M->23M(512M) 7.790ms
[2024-03-15T12:02:15.463+0000][2.120s] GC(2) User=0.03s Sys=0.01s Real=0.01s
[2024-03-15T12:02:15.463+0000][2.120s] GC(3) Concurrent Mark Cycle
[2024-03-15T12:02:15.464+0000][2.120s] GC(3) Concurrent Clear Claimed Marks
[2024-03-15T12:02:15.464+0000][2.120s] GC(3) Concurrent Clear Claimed Marks 0.198ms
[2024-03-15T12:02:15.464+0000][2.121s] GC(3) Concurrent Scan Root Regions
[2024-03-15T12:02:15.466+0000][2.123s] GC(3) Concurrent Scan Root Regions 2.123ms
[2024-03-15T12:02:15.466+0000][2.123s] GC(3) Concurrent Mark
[2024-03-15T12:02:15.467+0000][2.123s] GC(3) Concurrent Mark From Roots
[2024-03-15T12:02:15.467+0000][2.124s] GC(3) Using 3 workers of 3 for marking
[2024-03-15T12:02:15.473+0000][2.130s] GC(3) Concurrent Mark From Roots 6.276ms
[2024-03-15T12:02:15.473+0000][2.130s] GC(3) Concurrent Preclean
[2024-03-15T12:02:15.474+0000][2.131s] GC(3) Concurrent Preclean 0.497ms
[2024-03-15T12:02:15.474+0000][2.131s] GC(3) Pause Remark
[2024-03-15T12:02:15.477+0000][2.134s] GC(3) Pause Remark 24M->24M(512M) 2.571ms
[2024-03-15T12:02:15.477+0000][2.134s] GC(3) User=0.00s Sys=0.02s Real=0.01s
[2024-03-15T12:02:15.478+0000][2.134s] GC(3) Concurrent Mark 11.390ms
[2024-03-15T12:02:15.478+0000][2.135s] GC(3) Concurrent Rebuild Remembered Sets
[2024-03-15T12:02:15.482+0000][2.139s] GC(3) Concurrent Rebuild Remembered Sets 3.955ms
[2024-03-15T12:02:15.483+0000][2.139s] GC(3) Pause Cleanup
[2024-03-15T12:02:15.483+0000][2.140s] GC(3) Pause Cleanup 25M->25M(512M) 0.663ms
[2024-03-15T12:02:15.484+0000][2.140s] GC(3) User=0.00s Sys=0.00s Real=0.00s
[2024-03-15T12:02:15.484+0000][2.141s] GC(3) Concurrent Cleanup for Next Mark
[2024-03-15T12:02:15.485+0000][2.141s] GC(3) Concurrent Cleanup for Next Mark 0.579ms
[2024-03-15T12:02:15.485+0000][2.142s] GC(3) Concurrent Mark Cycle 21.682ms
[2024-03-15T12:02:16.833+0000][3.489s] GC(4) Pause Young (Concurrent Start) (Metadata GC Threshold)
[2024-03-15T12:02:16.833+0000][3.490s] GC(4) Using 10 workers of 10 for evacuation
[2024-03-15T12:02:16.840+0000][3.497s] GC(4)   Pre Evacuate Collection Set: 0.2ms
[2024-03-15T12:02:16.841+0000][3.497s] GC(4)   Merge Heap Roots: 0.2ms
[2024-03-15T12:02:16.841+0000][3.498s] GC(4)   Evacuate Collection Set: 4.8ms
[2024-03-15T12:02:16.841+0000][3.498s] GC(4)   Post Evacuate Collection Set: 1.5ms
[2024-03-15T12:02:16.842+0000][3.498s] GC(4)   Other: 0.9ms
[2024-03-15T12:02:16.842+0000][3.499s] GC(4) Eden regions: 100->0(292)
[2024-03-15T12:02:16.842+0000][3.499s] GC(4) Survivor regions: 10->15(19)
[2024-03-15T12:02:16.842+0000][3.499s] GC(4) Old regions: 10->10
[2024-03-15T12:02:16.843+0000][3.499s] GC(4) Archive regions: 2->2
[2024-03-15T12:02:16.843+0000][3.500s] GC(4) Humongous regions: 4->4
[2024-03-15T12:02:16.843+0000][3.500s] GC(4) Metaspace: 35734K(36160K)->35734K(36160K) NonClass: 31246K(31424K)->31246K(31424K) Class: 4487K(4736K)->4487K(4736K)
[2024-03-15T12:02:16.843+0000][3.500s] GC(4) Pause Young (Concurrent Start) (Metadata GC Threshold) 123M->28M(512M) 10.556ms
[2024-03-15T12:02:16.843+0000][3.500s] GC(4) User=0.06s Sys=0.00s Real=0.01s
[2024-03-15T12:02:16.844+0000][3.500s] GC(5) Concurrent Mark Cycle
[2024-03-15T12:02:16.844+0000][3.501s] GC(5) Concurrent Clear Claimed Marks
[2024-03-15T12:02:16.844+0000][3.501s] GC(5) Concurrent Clear Claimed Marks 0.186ms
[2024-03-15T12:02:16.844+0000][3.501s] GC(5) Concurrent Scan Root Regions
[2024-03-15T12:02:16.847+0000][3.503s] GC(5) Concurrent Scan Root Regions 2.396ms
[2024-03-15T12:02:16.847+0000][3.504s] GC(5) Concurrent Mark
[2024-03-15T12:02:16.847+0000][3.504s] GC(5) Concurrent Mark From Roots
[2024-03-15T12:02:16.848+0000][3.504s] GC(5) Using 3 workers of 3 for marking
[2024-03-15T12:02:16.854+0000][3.511s] GC(5) Concurrent Mark From Roots 7.032ms
[2024-03-15T12:02:16.855+0000][3.511s] GC(5) Concurrent Preclean
[2024-03-15T12:02:16.855+0000][3.512s] GC(5) Concurrent Preclean 0.418ms
[2024-03-15T12:02:16.856+0000][3.512s] GC(5) Pause Remark
[2024-03-15T12:02:16.858+0000][3.514s] GC(5) Pause Remark 30M->30M(512M) 2.048ms
[2024-03-15T12:02:16.858+0000][3.515s] GC(5) User=0.01s Sys=0.00s Real=0.00s
[2024-03-15T12:02:16.858+0000][3.515s] GC(5) Concurrent Mark 11.385ms
[2024-03-15T12:02:16.859+0000][3.515s] GC(5) Concurrent Rebuild Remembered Sets
[2024-03-15T12:02:16.862+0000][3.519s] GC(5) Concurrent Rebuild Remembered Sets 3.566ms
[2024-03-15T12:02:16.863+0000][3.519s] GC(5) Pause Cleanup
[2024-03-15T12:02:16.863+0000][3.520s] GC(5) Pause Cleanup 31M->31M(512M) 0.464ms
[2024-03-15T12:02:16.863+0000][3.520s] GC(5) User=0.00s Sys=0.00s Real=0.00s
[2024-03-15T12:02:16.864+0000][3.521s] GC(5) Concurrent Cleanup for Next Mark
[2024-03-15T12:02:16.864+0000][3.521s] GC(5) Concurrent Cleanup for Next Mark 0.544ms
[2024-03-15T12:02:16.865+0000][3.521s] GC(5) Concurrent Mark Cycle 20.925ms
[2024-03-15T13:55:05.094+0000][6771.777s] Heap
[2024-03-15T13:55:05.094+0000][6771.777s]  garbage-first heap   total 524288K, used 254875K [0x00000000e0000000, 0x0000000100000000)
[2024-03-15T13:55:05.095+0000][6771.778s]   region size 1024K, 235 young (240640K), 15 survivors (15360K)
[2024-03-15T13:55:05.095+0000][6771.778s]  Metaspace       used 55550K, committed 56064K, reserved 1114112K
[2024-03-15T13:55:05.096+0000][6771.779s]   class space    used 7208K, committed 7488K, reserved 1048576K
