[2024-03-15T17:16:27.163+0000][0.021s] Using G1
[2024-03-15T17:16:27.244+0000][0.103s] Version: 17.0.10+7 (release)
[2024-03-15T17:16:27.245+0000][0.103s] CPUs: 12 total, 12 available
[2024-03-15T17:16:27.245+0000][0.104s] Memory: 7873M
[2024-03-15T17:16:27.245+0000][0.104s] Large Page Support: Disabled
[2024-03-15T17:16:27.246+0000][0.104s] NUMA Support: Disabled
[2024-03-15T17:16:27.246+0000][0.105s] Compressed Oops: Enabled (32-bit)
[2024-03-15T17:16:27.246+0000][0.105s] Heap Region Size: 1M
[2024-03-15T17:16:27.247+0000][0.105s] Heap Min Capacity: 512M
[2024-03-15T17:16:27.247+0000][0.106s] Heap Initial Capacity: 512M
[2024-03-15T17:16:27.247+0000][0.106s] Heap Max Capacity: 512M
[2024-03-15T17:16:27.248+0000][0.106s] Pre-touch: Enabled
[2024-03-15T17:16:27.248+0000][0.106s] Parallel Workers: 10
[2024-03-15T17:16:27.248+0000][0.107s] Concurrent Workers: 3
[2024-03-15T17:16:27.248+0000][0.107s] Concurrent Refinement Workers: 10
[2024-03-15T17:16:27.249+0000][0.107s] Periodic GC: Disabled
[2024-03-15T17:16:27.255+0000][0.113s] CDS archive(s) mapped at: [0x00007f6b3b000000-0x00007f6b3ba5f000-0x00007f6b3ba5f000), size 10874880, SharedBaseAddress: 0x00007f6b3b000000, ArchiveRelocationMode: 1.
[2024-03-15T17:16:27.255+0000][0.114s] Compressed class space mapped at: 0x00007f6b3c000000-0x00007f6b7c000000, reserved size: 1073741824
[2024-03-15T17:16:27.256+0000][0.114s] Narrow klass base: 0x00007f6b3b000000, Narrow klass shift: 0, Narrow klass range: 0x100000000
[2024-03-15T17:16:28.346+0000][1.205s] GC(0) Pause Young (Normal) (G1 Evacuation Pause)
[2024-03-15T17:16:28.348+0000][1.207s] GC(0) Using 10 workers of 10 for evacuation
[2024-03-15T17:16:28.352+0000][1.210s] GC(0)   Pre Evacuate Collection Set: 0.3ms
[2024-03-15T17:16:28.352+0000][1.210s] GC(0)   Merge Heap Roots: 0.2ms
[2024-03-15T17:16:28.352+0000][1.211s] GC(0)   Evacuate Collection Set: 1.8ms
[2024-03-15T17:16:28.352+0000][1.211s] GC(0)   Post Evacuate Collection Set: 0.8ms
[2024-03-15T17:16:28.352+0000][1.211s] GC(0)   Other: 2.3ms
[2024-03-15T17:16:28.353+0000][1.211s] GC(0) Eden regions: 29->0(57)
[2024-03-15T17:16:28.353+0000][1.211s] GC(0) Survivor regions: 0->4(4)
[2024-03-15T17:16:28.353+0000][1.211s] GC(0) Old regions: 0->1
[2024-03-15T17:16:28.353+0000][1.212s] GC(0) Archive regions: 2->2
[2024-03-15T17:16:28.353+0000][1.212s] GC(0) Humongous regions: 0->0
[2024-03-15T17:16:28.353+0000][1.212s] GC(0) Metaspace: 10092K(10368K)->10092K(10368K) NonClass: 8835K(8960K)->8835K(8960K) Class: 1256K(1408K)->1256K(1408K)
[2024-03-15T17:16:28.353+0000][1.212s] GC(0) Pause Young (Normal) (G1 Evacuation Pause) 29M->5M(512M) 7.087ms
[2024-03-15T17:16:28.354+0000][1.212s] GC(0) User=0.02s Sys=0.00s Real=0.01s
[2024-03-15T17:16:29.040+0000][1.899s] GC(1) Pause Young (Normal) (G1 Evacuation Pause)
[2024-03-15T17:16:29.041+0000][1.899s] GC(1) Using 10 workers of 10 for evacuation
[2024-03-15T17:16:29.047+0000][1.905s] GC(1)   Pre Evacuate Collection Set: 0.2ms
[2024-03-15T17:16:29.047+0000][1.906s] GC(1)   Merge Heap Roots: 0.2ms
[2024-03-15T17:16:29.048+0000][1.906s] GC(1)   Evacuate Collection Set: 4.6ms
[2024-03-15T17:16:29.048+0000][1.906s] GC(1)   Post Evacuate Collection Set: 0.9ms
[2024-03-15T17:16:29.048+0000][1.907s] GC(1)   Other: 0.7ms
[2024-03-15T17:16:29.049+0000][1.907s] GC(1) Eden regions: 55->0(67)
[2024-03-15T17:16:29.049+0000][1.907s] GC(1) Survivor regions: 4->8(8)
[2024-03-15T17:16:29.049+0000][1.908s] GC(1) Old regions: 1->9
[2024-03-15T17:16:29.049+0000][1.908s] GC(1) Archive regions: 2->2
[2024-03-15T17:16:29.050+0000][1.908s] GC(1) Humongous regions: 4->4
[2024-03-15T17:16:29.050+0000][1.908s] GC(1) Metaspace: 17928K(18112K)->17928K(18112K) NonClass: 15712K(15808K)->15712K(15808K) Class: 2215K(2304K)->2215K(2304K)
[2024-03-15T17:16:29.050+0000][1.909s] GC(1) Pause Young (Normal) (G1 Evacuation Pause) 64M->21M(512M) 9.658ms
[2024-03-15T17:16:29.050+0000][1.909s] GC(1) User=0.05s Sys=0.01s Real=0.01s
[2024-03-15T17:16:29.401+0000][2.259s] GC(2) Pause Young (Concurrent Start) (Metadata GC Threshold)
[2024-03-15T17:16:29.401+0000][2.260s] GC(2) Using 10 workers of 10 for evacuation
[2024-03-15T17:16:29.407+0000][2.265s] GC(2)   Pre Evacuate Collection Set: 0.2ms
[2024-03-15T17:16:29.407+0000][2.265s] GC(2)   Merge Heap Roots: 0.2ms
[2024-03-15T17:16:29.407+0000][2.265s] GC(2)   Evacuate Collection Set: 3.6ms
[2024-03-15T17:16:29.407+0000][2.266s] GC(2)   Post Evacuate Collection Set: 0.7ms
[2024-03-15T17:16:29.407+0000][2.266s] GC(2)   Other: 1.1ms
[2024-03-15T17:16:29.407+0000][2.266s] GC(2) Eden regions: 31->0(81)
[2024-03-15T17:16:29.408+0000][2.266s] GC(2) Survivor regions: 8->3(9)
[2024-03-15T17:16:29.408+0000][2.266s] GC(2) Old regions: 9->18
[2024-03-15T17:16:29.408+0000][2.266s] GC(2) Archive regions: 2->2
[2024-03-15T17:16:29.408+0000][2.267s] GC(2) Humongous regions: 4->4
[2024-03-15T17:16:29.408+0000][2.267s] GC(2) Metaspace: 21173K(21504K)->21173K(21504K) NonClass: 18554K(18688K)->18554K(18688K) Class: 2618K(2816K)->2618K(2816K)
[2024-03-15T17:16:29.408+0000][2.267s] GC(2) Pause Young (Concurrent Start) (Metadata GC Threshold) 52M->24M(512M) 7.590ms
[2024-03-15T17:16:29.409+0000][2.267s] GC(2) User=0.03s Sys=0.00s Real=0.00s
[2024-03-15T17:16:29.409+0000][2.267s] GC(3) Concurrent Mark Cycle
[2024-03-15T17:16:29.409+0000][2.268s] GC(3) Concurrent Clear Claimed Marks
[2024-03-15T17:16:29.409+0000][2.268s] GC(3) Concurrent Clear Claimed Marks 0.363ms
[2024-03-15T17:16:29.410+0000][2.268s] GC(3) Concurrent Scan Root Regions
[2024-03-15T17:16:29.412+0000][2.270s] GC(3) Concurrent Scan Root Regions 2.242ms
[2024-03-15T17:16:29.413+0000][2.271s] GC(3) Concurrent Mark
[2024-03-15T17:16:29.413+0000][2.272s] GC(3) Concurrent Mark From Roots
[2024-03-15T17:16:29.413+0000][2.272s] GC(3) Using 3 workers of 3 for marking
[2024-03-15T17:16:29.420+0000][2.279s] GC(3) Concurrent Mark From Roots 7.100ms
[2024-03-15T17:16:29.420+0000][2.279s] GC(3) Concurrent Preclean
[2024-03-15T17:16:29.421+0000][2.279s] GC(3) Concurrent Preclean 0.276ms
[2024-03-15T17:16:29.421+0000][2.280s] GC(3) Pause Remark
[2024-03-15T17:16:29.423+0000][2.282s] GC(3) Pause Remark 25M->25M(512M) 2.231ms
[2024-03-15T17:16:29.424+0000][2.282s] GC(3) User=0.01s Sys=0.00s Real=0.00s
[2024-03-15T17:16:29.424+0000][2.282s] GC(3) Concurrent Mark 11.055ms
[2024-03-15T17:16:29.424+0000][2.283s] GC(3) Concurrent Rebuild Remembered Sets
[2024-03-15T17:16:29.429+0000][2.287s] GC(3) Concurrent Rebuild Remembered Sets 4.828ms
[2024-03-15T17:16:29.429+0000][2.288s] GC(3) Pause Cleanup
[2024-03-15T17:16:29.430+0000][2.288s] GC(3) Pause Cleanup 26M->26M(512M) 0.415ms
[2024-03-15T17:16:29.430+0000][2.289s] GC(3) User=0.00s Sys=0.01s Real=0.01s
[2024-03-15T17:16:29.430+0000][2.289s] GC(3) Concurrent Cleanup for Next Mark
[2024-03-15T17:16:29.431+0000][2.289s] GC(3) Concurrent Cleanup for Next Mark 0.564ms
[2024-03-15T17:16:29.431+0000][2.290s] GC(3) Concurrent Mark Cycle 22.211ms
[2024-03-15T17:16:30.721+0000][3.580s] GC(4) Pause Young (Normal) (G1 Evacuation Pause)
[2024-03-15T17:16:30.721+0000][3.580s] GC(4) Using 10 workers of 10 for evacuation
[2024-03-15T17:16:30.727+0000][3.585s] GC(4)   Pre Evacuate Collection Set: 0.3ms
[2024-03-15T17:16:30.727+0000][3.585s] GC(4)   Merge Heap Roots: 0.2ms
[2024-03-15T17:16:30.727+0000][3.585s] GC(4)   Evacuate Collection Set: 3.2ms
[2024-03-15T17:16:30.727+0000][3.586s] GC(4)   Post Evacuate Collection Set: 1.1ms
[2024-03-15T17:16:30.727+0000][3.586s] GC(4)   Other: 0.7ms
[2024-03-15T17:16:30.727+0000][3.586s] GC(4) Eden regions: 81->0(299)
[2024-03-15T17:16:30.728+0000][3.586s] GC(4) Survivor regions: 3->8(11)
[2024-03-15T17:16:30.728+0000][3.586s] GC(4) Old regions: 18->18
[2024-03-15T17:16:30.728+0000][3.586s] GC(4) Archive regions: 2->2
[2024-03-15T17:16:30.728+0000][3.586s] GC(4) Humongous regions: 4->4
[2024-03-15T17:16:30.728+0000][3.587s] GC(4) Metaspace: 34380K(34752K)->34380K(34752K) NonClass: 30072K(30272K)->30072K(30272K) Class: 4308K(4480K)->4308K(4480K)
[2024-03-15T17:16:30.728+0000][3.587s] GC(4) Pause Young (Normal) (G1 Evacuation Pause) 105M->29M(512M) 7.130ms
[2024-03-15T17:16:30.728+0000][3.587s] GC(4) User=0.03s Sys=0.00s Real=0.00s
[2024-03-15T17:16:30.909+0000][3.768s] GC(5) Pause Young (Concurrent Start) (Metadata GC Threshold)
[2024-03-15T17:16:30.910+0000][3.768s] GC(5) Using 10 workers of 10 for evacuation
[2024-03-15T17:16:30.914+0000][3.772s] GC(5)   Pre Evacuate Collection Set: 0.2ms
[2024-03-15T17:16:30.914+0000][3.772s] GC(5)   Merge Heap Roots: 0.1ms
[2024-03-15T17:16:30.914+0000][3.773s] GC(5)   Evacuate Collection Set: 2.7ms
[2024-03-15T17:16:30.914+0000][3.773s] GC(5)   Post Evacuate Collection Set: 0.7ms
[2024-03-15T17:16:30.914+0000][3.773s] GC(5)   Other: 0.6ms
[2024-03-15T17:16:30.915+0000][3.773s] GC(5) Eden regions: 13->0(299)
[2024-03-15T17:16:30.915+0000][3.773s] GC(5) Survivor regions: 8->8(39)
[2024-03-15T17:16:30.915+0000][3.774s] GC(5) Old regions: 18->18
[2024-03-15T17:16:30.915+0000][3.774s] GC(5) Archive regions: 2->2
[2024-03-15T17:16:30.915+0000][3.774s] GC(5) Humongous regions: 4->4
[2024-03-15T17:16:30.915+0000][3.774s] GC(5) Metaspace: 35746K(36160K)->35746K(36160K) NonClass: 31258K(31424K)->31258K(31424K) Class: 4487K(4736K)->4487K(4736K)
[2024-03-15T17:16:30.916+0000][3.774s] GC(5) Pause Young (Concurrent Start) (Metadata GC Threshold) 41M->29M(512M) 6.341ms
[2024-03-15T17:16:30.916+0000][3.774s] GC(5) User=0.02s Sys=0.01s Real=0.01s
[2024-03-15T17:16:30.916+0000][3.774s] GC(6) Concurrent Mark Cycle
[2024-03-15T17:16:30.916+0000][3.775s] GC(6) Concurrent Clear Claimed Marks
[2024-03-15T17:16:30.916+0000][3.775s] GC(6) Concurrent Clear Claimed Marks 0.196ms
[2024-03-15T17:16:30.916+0000][3.775s] GC(6) Concurrent Scan Root Regions
[2024-03-15T17:16:30.918+0000][3.777s] GC(6) Concurrent Scan Root Regions 1.991ms
[2024-03-15T17:16:30.919+0000][3.777s] GC(6) Concurrent Mark
[2024-03-15T17:16:30.919+0000][3.777s] GC(6) Concurrent Mark From Roots
[2024-03-15T17:16:30.919+0000][3.777s] GC(6) Using 3 workers of 3 for marking
[2024-03-15T17:16:30.929+0000][3.787s] GC(6) Concurrent Mark From Roots 10.092ms
[2024-03-15T17:16:30.929+0000][3.788s] GC(6) Concurrent Preclean
[2024-03-15T17:16:30.929+0000][3.788s] GC(6) Concurrent Preclean 0.336ms
[2024-03-15T17:16:30.930+0000][3.788s] GC(6) Pause Remark
[2024-03-15T17:16:30.932+0000][3.790s] GC(6) Pause Remark 31M->31M(512M) 2.003ms
[2024-03-15T17:16:30.932+0000][3.790s] GC(6) User=0.02s Sys=0.01s Real=0.01s
[2024-03-15T17:16:30.932+0000][3.791s] GC(6) Concurrent Mark 13.492ms
[2024-03-15T17:16:30.932+0000][3.791s] GC(6) Concurrent Rebuild Remembered Sets
[2024-03-15T17:16:30.936+0000][3.795s] GC(6) Concurrent Rebuild Remembered Sets 3.923ms
[2024-03-15T17:16:30.937+0000][3.795s] GC(6) Pause Cleanup
[2024-03-15T17:16:30.937+0000][3.795s] GC(6) Pause Cleanup 32M->32M(512M) 0.309ms
[2024-03-15T17:16:30.937+0000][3.796s] GC(6) User=0.00s Sys=0.00s Real=0.00s
[2024-03-15T17:16:30.937+0000][3.796s] GC(6) Concurrent Cleanup for Next Mark
[2024-03-15T17:16:30.938+0000][3.796s] GC(6) Concurrent Cleanup for Next Mark 0.539ms
[2024-03-15T17:16:30.938+0000][3.797s] GC(6) Concurrent Mark Cycle 22.051ms
[2024-03-16T00:09:43.185+0000][24771.094s] Heap
[2024-03-16T00:09:43.187+0000][24771.097s]  garbage-first heap   total 524288K, used 228279K [0x00000000e0000000, 0x0000000100000000)
[2024-03-16T00:09:43.188+0000][24771.097s]   region size 1024K, 201 young (205824K), 8 survivors (8192K)
[2024-03-16T00:09:43.188+0000][24771.098s]  Metaspace       used 55792K, committed 56320K, reserved 1114112K
[2024-03-16T00:09:43.189+0000][24771.098s]   class space    used 7239K, committed 7488K, reserved 1048576K
